23:51:17 **** Build of configuration Debug for project Access_Level ****
make -j8 all 
arm-none-eabi-size   Access_Level.elf 
   text	   data	    bss	    dec	    hex	filename
   3920	    108	   1596	   5624	   15f8	Access_Level.elf
Finished building: default.size.stdout
 
23:52:31 **** Incremental Build of configuration Debug for project Access_Level ****
make -j8 all 
arm-none-eabi-size   Access_Level.elf 
   text	   data	    bss	    dec	    hex	filename
   3920	    108	   1596	   5624	   15f8	Access_Level.elf
Finished building: default.size.stdout
 
23:54:40 **** Incremental Build of configuration Debug for project Access_Level ****
make -j8 all 
arm-none-eabi-size   Access_Level.elf 
   text	   data	    bss	    dec	    hex	filename
   3920	    108	   1596	   5624	   15f8	Access_Level.elf
Finished building: default.size.stdout
 
23:55:15 **** Incremental Build of configuration Debug for project Access_Level ****
make -j8 all 
arm-none-eabi-size   Access_Level.elf 
   text	   data	    bss	    dec	    hex	filename
   3920	    108	   1596	   5624	   15f8	Access_Level.elf
Finished building: default.size.stdout
 
